[2026-05-26T13:59:48.166Z] [INFO] Uploaded 2 recipients from "Book1.xlsx" (Auto-detected email column: "Email Id", name column: "Client Name").
[2026-05-27T10:24:42.439Z] [INFO] Starting new email campaign deployment...
[2026-05-27T10:24:42.480Z] [INFO] Sending email to Vishu <Vishu.vishu2009@gmail.com>...
[2026-05-27T10:24:47.698Z] [SUCCESS] ✓ Email successfully sent to Vishu <Vishu.vishu2009@gmail.com>
[2026-05-27T10:27:47.780Z] [INFO] Sending email to Shachi <Shachi1329trivedi@gmail.com>...
[2026-05-27T10:27:52.582Z] [SUCCESS] ✓ Email successfully sent to Shachi <Shachi1329trivedi@gmail.com>
[2026-05-27T10:29:06.997Z] [INFO] Campaign paused by the operator.
[2026-05-27T10:42:00.938Z] [INFO] Resuming current paused email campaign...
[2026-05-27T10:42:00.943Z] [SUCCESS] 🎉 Campaign completed! All recipients have been processed. Campaign has stopped.
[2026-05-27T10:42:08.977Z] [INFO] Starting new email campaign deployment...
[2026-05-27T10:42:08.990Z] [INFO] Sending email to Vishu <Vishu.vishu2009@gmail.com>...
[2026-05-27T10:42:13.977Z] [SUCCESS] ✓ Email successfully sent to Vishu <Vishu.vishu2009@gmail.com>
[2026-05-27T10:45:13.977Z] [INFO] Sending email to Shachi <Shachi1329trivedi@gmail.com>...
[2026-05-27T10:45:18.666Z] [SUCCESS] ✓ Email successfully sent to Shachi <Shachi1329trivedi@gmail.com>
[2026-05-27T10:45:18.668Z] [SUCCESS] 🎉 Campaign completed! All recipients have been processed. Campaign has stopped.
[2026-05-27T10:55:39.124Z] [INFO] Starting new email campaign deployment...
[2026-05-27T10:55:39.230Z] [INFO] Sending email to Vishu <Vishu.vishu2009@gmail.com>...
[2026-05-27T10:55:45.026Z] [SUCCESS] ✓ Email successfully sent to Vishu <Vishu.vishu2009@gmail.com>
[2026-05-27T10:56:46.579Z] [INFO] Campaign paused by the operator.
[2026-05-27T10:58:56.001Z] [INFO] Campaign settings and recipient queue metrics have been reset.
[2026-05-27T11:29:42.868Z] [INFO] Campaign settings and recipient queue metrics have been reset.
[2026-05-27T11:29:50.152Z] [INFO] Campaign settings and recipient queue metrics have been reset.
[2026-05-27T11:30:07.019Z] [INFO] Campaign settings and recipient queue metrics have been reset.
[2026-05-27T11:30:25.388Z] [INFO] Campaign settings and recipient queue metrics have been reset.
[2026-05-27T11:32:50.183Z] [INFO] Campaign recipient list cleared.
[2026-05-27T11:43:18.785Z] [INFO] Uploaded 2 recipients from "Book1.xlsx" (Auto-detected email column: "Email id", name column: "client name").
[2026-05-27T11:43:41.556Z] [INFO] Starting new email campaign deployment...
[2026-05-27T11:43:41.912Z] [INFO] Sending email to Vinayak <vinayakvkamath98@gmail.com>...
[2026-05-27T11:43:48.418Z] [SUCCESS] ✓ Email successfully sent to Vinayak <vinayakvkamath98@gmail.com>
[2026-05-27T11:45:06.468Z] [INFO] Sending email to Raju <Bangaloretalk.official@gmail.com>...
[2026-05-27T11:45:11.361Z] [SUCCESS] ✓ Email successfully sent to Raju <Bangaloretalk.official@gmail.com>
[2026-05-27T11:45:11.587Z] [INFO] Campaign run archived successfully: run_2026-05-27_17-15-11
[2026-05-27T11:45:11.588Z] [SUCCESS] 🎉 Campaign completed! All recipients have been processed. Campaign has stopped.
[2026-05-27T11:54:45.780Z] [INFO] Starting new email campaign deployment...
[2026-05-27T11:54:45.805Z] [INFO] Sending email to Vinayak <vinayakvkamath98@gmail.com>...
[2026-05-27T11:54:50.986Z] [SUCCESS] ✓ Email successfully sent to Vinayak <vinayakvkamath98@gmail.com>
[2026-05-27T11:56:08.993Z] [INFO] Sending email to Raju <Bangaloretalk.official@gmail.com>...
[2026-05-27T11:56:13.660Z] [SUCCESS] ✓ Email successfully sent to Raju <Bangaloretalk.official@gmail.com>
[2026-05-27T11:56:13.663Z] [INFO] Campaign run archived successfully: run_2026-05-27_17-26-13
[2026-05-27T11:56:13.664Z] [SUCCESS] 🎉 Campaign completed! All recipients have been processed. Campaign has stopped.
[2026-05-28T07:01:44.904Z] [INFO] Starting new email campaign deployment...
[2026-05-28T07:01:45.063Z] [INFO] Sending email to Vinayak <vinayakvkamath98@gmail.com>...
[2026-05-28T07:02:20.527Z] [SUCCESS] ✓ Email successfully sent to Vinayak <vinayakvkamath98@gmail.com>
[2026-05-28T07:03:38.565Z] [INFO] Sending email to Raju <Bangaloretalk.official@gmail.com>...
[2026-05-28T07:03:44.031Z] [SUCCESS] ✓ Email successfully sent to Raju <Bangaloretalk.official@gmail.com>
[2026-05-28T07:03:44.113Z] [INFO] Campaign run archived successfully: run_2026-05-28_12-33-44
[2026-05-28T07:03:44.115Z] [SUCCESS] 🎉 Campaign completed! All recipients have been processed. Campaign has stopped.
[2026-05-28T07:28:06.270Z] [INFO] Starting new email campaign deployment...
[2026-05-28T07:28:06.613Z] [INFO] Sending email to Vinayak <vinayakvkamath98@gmail.com>...
[2026-05-28T07:28:11.979Z] [SUCCESS] ✓ Email successfully sent to Vinayak <vinayakvkamath98@gmail.com>
[2026-05-28T07:29:30.044Z] [INFO] Sending email to Raju <Bangaloretalk.official@gmail.com>...
[2026-05-28T07:29:34.787Z] [SUCCESS] ✓ Email successfully sent to Raju <Bangaloretalk.official@gmail.com>
[2026-05-28T07:29:34.942Z] [INFO] Campaign run archived successfully: run_2026-05-28_12-59-34
[2026-05-28T07:29:35.056Z] [SUCCESS] 🎉 Campaign completed! All recipients have been processed. Campaign has stopped.
[2026-05-28T07:29:50.373Z] [SUCCESS] [Track] Link clicked by Vinayak <vinayakvkamath98@gmail.com>: https://tripolystudio.com/architecture-profile/Tripolystudio-architecture.pdf
[2026-05-28T07:29:51.948Z] [SUCCESS] [Track] Link clicked by Vinayak <vinayakvkamath98@gmail.com>: https://tripolystudio.com/architecture-profile/Tripolystudio-architecture.pdf
[2026-05-28T07:29:52.388Z] [SUCCESS] [Track] Link clicked by Vinayak <vinayakvkamath98@gmail.com>: https://tripolystudio.com/architecture-profile/Tripolystudio-architecture.pdf
[2026-05-28T07:29:53.330Z] [SUCCESS] [Track] Link clicked by Vinayak <vinayakvkamath98@gmail.com>: https://tripolystudio.com/architecture-profile/Tripolystudio-architecture.pdf
[2026-05-28T07:29:53.488Z] [SUCCESS] [Track] Link clicked by Vinayak <vinayakvkamath98@gmail.com>: https://tripolystudio.com/architecture-profile/Tripolystudio-architecture.pdf
[2026-05-28T07:29:53.689Z] [SUCCESS] [Track] Link clicked by Vinayak <vinayakvkamath98@gmail.com>: https://tripolystudio.com/architecture-profile/Tripolystudio-architecture.pdf
[2026-05-28T07:29:53.879Z] [SUCCESS] [Track] Link clicked by Vinayak <vinayakvkamath98@gmail.com>: https://tripolystudio.com/architecture-profile/Tripolystudio-architecture.pdf
[2026-05-28T07:30:08.360Z] [SUCCESS] [Track] Link clicked by Vinayak <vinayakvkamath98@gmail.com>: https://360edgevision.digitaltripolystudio.com/projects.php
[2026-05-28T07:30:20.358Z] [SUCCESS] [Track] Link clicked by Vinayak <vinayakvkamath98@gmail.com>: https://www.youtube.com/watch?v=DXGrOUk4ns4
[2026-05-28T07:30:29.976Z] [SUCCESS] [Track] Link clicked by Vinayak <vinayakvkamath98@gmail.com>: https://tripolystudio.com/architecture-profile/Tripolystudio-architecture.pdf
[2026-05-28T09:51:01.472Z] [INFO] Starting new email campaign deployment...
[2026-05-28T09:51:02.708Z] [INFO] Sending email to Vinayak <vinayakvkamath98@gmail.com>...
[2026-05-28T09:51:09.532Z] [SUCCESS] ✓ Email successfully sent to Vinayak <vinayakvkamath98@gmail.com>
[2026-05-28T09:52:27.604Z] [INFO] Sending email to Raju <Bangaloretalk.official@gmail.com>...
[2026-05-28T09:52:32.400Z] [SUCCESS] ✓ Email successfully sent to Raju <Bangaloretalk.official@gmail.com>
[2026-05-28T09:52:32.405Z] [INFO] Campaign run archived successfully: run_2026-05-28_15-22-32
[2026-05-28T09:52:32.428Z] [SUCCESS] 🎉 Campaign completed! All recipients have been processed. Campaign has stopped.
[2026-05-28T10:04:00.238Z] [INFO] Campaign settings and recipient queue metrics have been reset.
[2026-05-28T10:04:17.469Z] [INFO] Campaign recipient list cleared.
[2026-05-28T10:07:05.419Z] [INFO] Uploaded 3 recipients from "Book1.xlsx" (Auto-detected email column: "Email id", name column: "client name").
[2026-05-28T10:07:12.925Z] [INFO] Starting new email campaign deployment...
[2026-05-28T10:07:12.932Z] [INFO] Sending email to Vinayak <vinayakvkamath98@gmail.com>...
[2026-05-28T10:07:18.099Z] [SUCCESS] ✓ Email successfully sent to Vinayak <vinayakvkamath98@gmail.com>
[2026-05-28T10:08:36.137Z] [INFO] Sending email to Raju <Bangaloretalk.official@gmail.com>...
[2026-05-28T10:08:41.153Z] [SUCCESS] ✓ Email successfully sent to Raju <Bangaloretalk.official@gmail.com>
[2026-05-28T10:09:59.166Z] [INFO] Sending email to Ashish <Sales@triolystudio.com>...
[2026-05-28T10:10:04.058Z] [SUCCESS] ✓ Email successfully sent to Ashish <Sales@triolystudio.com>
[2026-05-28T10:10:04.061Z] [INFO] Campaign run archived successfully: run_2026-05-28_15-40-04
[2026-05-28T10:10:04.063Z] [SUCCESS] 🎉 Campaign completed! All recipients have been processed. Campaign has stopped.
